interactions:
- request:
    body: null
    headers:
      Accept:
      - '*/*'
      Accept-Encoding:
      - gzip, deflate, br
      Authorization:
      - Bearer BQD5uIUIDwSFbstsqodnEImYjxqcogb-3l0kASdiiCmCVZUmBGLpxLWulbwE4kCvqT5Ka6-rn_G6V28V0_zZTdOZQmUpaG-VsjKWVlCDETZNtJOCHFo
      Connection:
      - keep-alive
      Content-Type:
      - application/json
      User-Agent:
      - python-requests/2.31.0
    method: GET
    uri: https://api.spotify.com/v1/tracks/2Ikdgh3J5vCRmnCL3Xcrtv
  response:
    body:
      string: "{\n  \"album\" : {\n    \"album_type\" : \"compilation\",\n    \"artists\"
        : [ {\n      \"external_urls\" : {\n        \"spotify\" : \"https://open.spotify.com/artist/0LyfQWJT6nXafLPZqxe9Of\"\n
        \     },\n      \"href\" : \"https://api.spotify.com/v1/artists/0LyfQWJT6nXafLPZqxe9Of\",\n
        \     \"id\" : \"0LyfQWJT6nXafLPZqxe9Of\",\n      \"name\" : \"Various Artists\",\n
        \     \"type\" : \"artist\",\n      \"uri\" : \"spotify:artist:0LyfQWJT6nXafLPZqxe9Of\"\n
        \   } ],\n    \"available_markets\" : [ ],\n    \"external_urls\" : {\n      \"spotify\"
        : \"https://open.spotify.com/album/4MQnUDGXmHOvnsWCpzeqWT\"\n    },\n    \"href\"
        : \"https://api.spotify.com/v1/albums/4MQnUDGXmHOvnsWCpzeqWT\",\n    \"id\"
        : \"4MQnUDGXmHOvnsWCpzeqWT\",\n    \"images\" : [ {\n      \"height\" : 640,\n
        \     \"url\" : \"https://i.scdn.co/image/ab67616d0000b27367cf92b139a3d7ea71a54118\",\n
        \     \"width\" : 640\n    }, {\n      \"height\" : 300,\n      \"url\" :
        \"https://i.scdn.co/image/ab67616d00001e0267cf92b139a3d7ea71a54118\",\n      \"width\"
        : 300\n    }, {\n      \"height\" : 64,\n      \"url\" : \"https://i.scdn.co/image/ab67616d0000485167cf92b139a3d7ea71a54118\",\n
        \     \"width\" : 64\n    } ],\n    \"name\" : \"NCS: The Best of 2017\",\n
        \   \"release_date\" : \"2017-12-15\",\n    \"release_date_precision\" : \"day\",\n
        \   \"total_tracks\" : 16,\n    \"type\" : \"album\",\n    \"uri\" : \"spotify:album:4MQnUDGXmHOvnsWCpzeqWT\"\n
        \ },\n  \"artists\" : [ {\n    \"external_urls\" : {\n      \"spotify\" :
        \"https://open.spotify.com/artist/40HDiLfKm0tXk2FxlJx6aO\"\n    },\n    \"href\"
        : \"https://api.spotify.com/v1/artists/40HDiLfKm0tXk2FxlJx6aO\",\n    \"id\"
        : \"40HDiLfKm0tXk2FxlJx6aO\",\n    \"name\" : \"Jim Yosef\",\n    \"type\"
        : \"artist\",\n    \"uri\" : \"spotify:artist:40HDiLfKm0tXk2FxlJx6aO\"\n  },
        {\n    \"external_urls\" : {\n      \"spotify\" : \"https://open.spotify.com/artist/2Ndq6RparrhEoceel7LC4Z\"\n
        \   },\n    \"href\" : \"https://api.spotify.com/v1/artists/2Ndq6RparrhEoceel7LC4Z\",\n
        \   \"id\" : \"2Ndq6RparrhEoceel7LC4Z\",\n    \"name\" : \"Anna Yvette\",\n
        \   \"type\" : \"artist\",\n    \"uri\" : \"spotify:artist:2Ndq6RparrhEoceel7LC4Z\"\n
        \ } ],\n  \"available_markets\" : [ ],\n  \"disc_number\" : 1,\n  \"duration_ms\"
        : 223218,\n  \"explicit\" : false,\n  \"external_ids\" : {\n    \"isrc\" :
        \"GB2LD1700377\"\n  },\n  \"external_urls\" : {\n    \"spotify\" : \"https://open.spotify.com/track/2Ikdgh3J5vCRmnCL3Xcrtv\"\n
        \ },\n  \"href\" : \"https://api.spotify.com/v1/tracks/2Ikdgh3J5vCRmnCL3Xcrtv\",\n
        \ \"id\" : \"2Ikdgh3J5vCRmnCL3Xcrtv\",\n  \"is_local\" : false,\n  \"name\"
        : \"Linked\",\n  \"popularity\" : 0,\n  \"preview_url\" : null,\n  \"track_number\"
        : 1,\n  \"type\" : \"track\",\n  \"uri\" : \"spotify:track:2Ikdgh3J5vCRmnCL3Xcrtv\"\n}"
    headers:
      Alt-Svc:
      - h3=":443"; ma=2592000,h3-29=":443"; ma=2592000
      Transfer-Encoding:
      - chunked
      Via:
      - HTTP/2 edgeproxy, 1.1 google
      access-control-allow-credentials:
      - 'true'
      access-control-allow-headers:
      - Accept, App-Platform, Authorization, Content-Type, Origin, Retry-After, Spotify-App-Version,
        X-Cloud-Trace-Context, client-token, content-access-token
      access-control-allow-methods:
      - GET, POST, OPTIONS, PUT, DELETE, PATCH
      access-control-allow-origin:
      - '*'
      access-control-max-age:
      - '604800'
      cache-control:
      - public, max-age=7200
      content-encoding:
      - gzip
      content-type:
      - application/json; charset=utf-8
      date:
      - Mon, 08 Apr 2024 15:30:59 GMT
      server:
      - envoy
      strict-transport-security:
      - max-age=31536000
      x-content-type-options:
      - nosniff
      x-robots-tag:
      - noindex, nofollow
    status:
      code: 200
      message: OK
- request:
    body: null
    headers:
      Accept:
      - '*/*'
      Accept-Encoding:
      - gzip, deflate, br
      Authorization:
      - Bearer BQD5uIUIDwSFbstsqodnEImYjxqcogb-3l0kASdiiCmCVZUmBGLpxLWulbwE4kCvqT5Ka6-rn_G6V28V0_zZTdOZQmUpaG-VsjKWVlCDETZNtJOCHFo
      Connection:
      - keep-alive
      Content-Type:
      - application/json
      User-Agent:
      - python-requests/2.31.0
    method: GET
    uri: https://api.spotify.com/v1/artists/40HDiLfKm0tXk2FxlJx6aO
  response:
    body:
      string: "{\n  \"external_urls\" : {\n    \"spotify\" : \"https://open.spotify.com/artist/40HDiLfKm0tXk2FxlJx6aO\"\n
        \ },\n  \"followers\" : {\n    \"href\" : null,\n    \"total\" : 148685\n
        \ },\n  \"genres\" : [ \"gaming edm\" ],\n  \"href\" : \"https://api.spotify.com/v1/artists/40HDiLfKm0tXk2FxlJx6aO\",\n
        \ \"id\" : \"40HDiLfKm0tXk2FxlJx6aO\",\n  \"images\" : [ {\n    \"height\"
        : 640,\n    \"url\" : \"https://i.scdn.co/image/ab6761610000e5ebc26d337f7ccb56e37109bd0f\",\n
        \   \"width\" : 640\n  }, {\n    \"height\" : 320,\n    \"url\" : \"https://i.scdn.co/image/ab67616100005174c26d337f7ccb56e37109bd0f\",\n
        \   \"width\" : 320\n  }, {\n    \"height\" : 160,\n    \"url\" : \"https://i.scdn.co/image/ab6761610000f178c26d337f7ccb56e37109bd0f\",\n
        \   \"width\" : 160\n  } ],\n  \"name\" : \"Jim Yosef\",\n  \"popularity\"
        : 54,\n  \"type\" : \"artist\",\n  \"uri\" : \"spotify:artist:40HDiLfKm0tXk2FxlJx6aO\"\n}"
    headers:
      Alt-Svc:
      - h3=":443"; ma=2592000,h3-29=":443"; ma=2592000
      Transfer-Encoding:
      - chunked
      Via:
      - HTTP/2 edgeproxy, 1.1 google
      access-control-allow-credentials:
      - 'true'
      access-control-allow-headers:
      - Accept, App-Platform, Authorization, Content-Type, Origin, Retry-After, Spotify-App-Version,
        X-Cloud-Trace-Context, client-token, content-access-token
      access-control-allow-methods:
      - GET, POST, OPTIONS, PUT, DELETE, PATCH
      access-control-allow-origin:
      - '*'
      access-control-max-age:
      - '604800'
      cache-control:
      - public, max-age=7200
      content-encoding:
      - gzip
      content-type:
      - application/json; charset=utf-8
      date:
      - Mon, 08 Apr 2024 15:31:00 GMT
      server:
      - envoy
      strict-transport-security:
      - max-age=31536000
      x-content-type-options:
      - nosniff
      x-robots-tag:
      - noindex, nofollow
    status:
      code: 200
      message: OK
- request:
    body: null
    headers:
      Accept:
      - '*/*'
      Accept-Encoding:
      - gzip, deflate, br
      Authorization:
      - Bearer BQD5uIUIDwSFbstsqodnEImYjxqcogb-3l0kASdiiCmCVZUmBGLpxLWulbwE4kCvqT5Ka6-rn_G6V28V0_zZTdOZQmUpaG-VsjKWVlCDETZNtJOCHFo
      Connection:
      - keep-alive
      Content-Type:
      - application/json
      User-Agent:
      - python-requests/2.31.0
    method: GET
    uri: https://api.spotify.com/v1/albums/4MQnUDGXmHOvnsWCpzeqWT
  response:
    body:
      string: "{\n  \"album_type\" : \"compilation\",\n  \"artists\" : [ {\n    \"external_urls\"
        : {\n      \"spotify\" : \"https://open.spotify.com/artist/0LyfQWJT6nXafLPZqxe9Of\"\n
        \   },\n    \"href\" : \"https://api.spotify.com/v1/artists/0LyfQWJT6nXafLPZqxe9Of\",\n
        \   \"id\" : \"0LyfQWJT6nXafLPZqxe9Of\",\n    \"name\" : \"Various Artists\",\n
        \   \"type\" : \"artist\",\n    \"uri\" : \"spotify:artist:0LyfQWJT6nXafLPZqxe9Of\"\n
        \ } ],\n  \"available_markets\" : [ ],\n  \"copyrights\" : [ {\n    \"text\"
        : \"2017 NCS, under exclusive license to AEI Recordings\",\n    \"type\" :
        \"C\"\n  }, {\n    \"text\" : \"2017 NCS, under exclusive license to AEI Recordings\",\n
        \   \"type\" : \"P\"\n  } ],\n  \"external_ids\" : {\n    \"upc\" : \"5055199521152\"\n
        \ },\n  \"external_urls\" : {\n    \"spotify\" : \"https://open.spotify.com/album/4MQnUDGXmHOvnsWCpzeqWT\"\n
        \ },\n  \"genres\" : [ ],\n  \"href\" : \"https://api.spotify.com/v1/albums/4MQnUDGXmHOvnsWCpzeqWT\",\n
        \ \"id\" : \"4MQnUDGXmHOvnsWCpzeqWT\",\n  \"images\" : [ {\n    \"height\"
        : 640,\n    \"url\" : \"https://i.scdn.co/image/ab67616d0000b27367cf92b139a3d7ea71a54118\",\n
        \   \"width\" : 640\n  }, {\n    \"height\" : 300,\n    \"url\" : \"https://i.scdn.co/image/ab67616d00001e0267cf92b139a3d7ea71a54118\",\n
        \   \"width\" : 300\n  }, {\n    \"height\" : 64,\n    \"url\" : \"https://i.scdn.co/image/ab67616d0000485167cf92b139a3d7ea71a54118\",\n
        \   \"width\" : 64\n  } ],\n  \"label\" : \"NCS\",\n  \"name\" : \"NCS: The
        Best of 2017\",\n  \"popularity\" : 0,\n  \"release_date\" : \"2017-12-15\",\n
        \ \"release_date_precision\" : \"day\",\n  \"total_tracks\" : 16,\n  \"tracks\"
        : {\n    \"href\" : \"https://api.spotify.com/v1/albums/4MQnUDGXmHOvnsWCpzeqWT/tracks?offset=0&limit=50\",\n
        \   \"items\" : [ {\n      \"artists\" : [ {\n        \"external_urls\" :
        {\n          \"spotify\" : \"https://open.spotify.com/artist/40HDiLfKm0tXk2FxlJx6aO\"\n
        \       },\n        \"href\" : \"https://api.spotify.com/v1/artists/40HDiLfKm0tXk2FxlJx6aO\",\n
        \       \"id\" : \"40HDiLfKm0tXk2FxlJx6aO\",\n        \"name\" : \"Jim Yosef\",\n
        \       \"type\" : \"artist\",\n        \"uri\" : \"spotify:artist:40HDiLfKm0tXk2FxlJx6aO\"\n
        \     }, {\n        \"external_urls\" : {\n          \"spotify\" : \"https://open.spotify.com/artist/2Ndq6RparrhEoceel7LC4Z\"\n
        \       },\n        \"href\" : \"https://api.spotify.com/v1/artists/2Ndq6RparrhEoceel7LC4Z\",\n
        \       \"id\" : \"2Ndq6RparrhEoceel7LC4Z\",\n        \"name\" : \"Anna Yvette\",\n
        \       \"type\" : \"artist\",\n        \"uri\" : \"spotify:artist:2Ndq6RparrhEoceel7LC4Z\"\n
        \     } ],\n      \"available_markets\" : [ ],\n      \"disc_number\" : 1,\n
        \     \"duration_ms\" : 223218,\n      \"explicit\" : false,\n      \"external_urls\"
        : {\n        \"spotify\" : \"https://open.spotify.com/track/2Ikdgh3J5vCRmnCL3Xcrtv\"\n
        \     },\n      \"href\" : \"https://api.spotify.com/v1/tracks/2Ikdgh3J5vCRmnCL3Xcrtv\",\n
        \     \"id\" : \"2Ikdgh3J5vCRmnCL3Xcrtv\",\n      \"is_local\" : false,\n
        \     \"name\" : \"Linked\",\n      \"preview_url\" : null,\n      \"track_number\"
        : 1,\n      \"type\" : \"track\",\n      \"uri\" : \"spotify:track:2Ikdgh3J5vCRmnCL3Xcrtv\"\n
        \   }, {\n      \"artists\" : [ {\n        \"external_urls\" : {\n          \"spotify\"
        : \"https://open.spotify.com/artist/5qtSloRk8XxPdlDWkVDwWW\"\n        },\n
        \       \"href\" : \"https://api.spotify.com/v1/artists/5qtSloRk8XxPdlDWkVDwWW\",\n
        \       \"id\" : \"5qtSloRk8XxPdlDWkVDwWW\",\n        \"name\" : \"Halcyon\",\n
        \       \"type\" : \"artist\",\n        \"uri\" : \"spotify:artist:5qtSloRk8XxPdlDWkVDwWW\"\n
        \     }, {\n        \"external_urls\" : {\n          \"spotify\" : \"https://open.spotify.com/artist/5v63dT2oEtPdBVdaG6M2ey\"\n
        \       },\n        \"href\" : \"https://api.spotify.com/v1/artists/5v63dT2oEtPdBVdaG6M2ey\",\n
        \       \"id\" : \"5v63dT2oEtPdBVdaG6M2ey\",\n        \"name\" : \"Valentina
        Franco\",\n        \"type\" : \"artist\",\n        \"uri\" : \"spotify:artist:5v63dT2oEtPdBVdaG6M2ey\"\n
        \     } ],\n      \"available_markets\" : [ ],\n      \"disc_number\" : 1,\n
        \     \"duration_ms\" : 208000,\n      \"explicit\" : false,\n      \"external_urls\"
        : {\n        \"spotify\" : \"https://open.spotify.com/track/1T5dsbrRBL6K5QtAXgC6E0\"\n
        \     },\n      \"href\" : \"https://api.spotify.com/v1/tracks/1T5dsbrRBL6K5QtAXgC6E0\",\n
        \     \"id\" : \"1T5dsbrRBL6K5QtAXgC6E0\",\n      \"is_local\" : false,\n
        \     \"name\" : \"Runaway - Culture Code Remix\",\n      \"preview_url\"
        : null,\n      \"track_number\" : 2,\n      \"type\" : \"track\",\n      \"uri\"
        : \"spotify:track:1T5dsbrRBL6K5QtAXgC6E0\"\n    }, {\n      \"artists\" :
        [ {\n        \"external_urls\" : {\n          \"spotify\" : \"https://open.spotify.com/artist/23ostNBoB9z6GMXLtHdg7y\"\n
        \       },\n        \"href\" : \"https://api.spotify.com/v1/artists/23ostNBoB9z6GMXLtHdg7y\",\n
        \       \"id\" : \"23ostNBoB9z6GMXLtHdg7y\",\n        \"name\" : \"Prismo\",\n
        \       \"type\" : \"artist\",\n        \"uri\" : \"spotify:artist:23ostNBoB9z6GMXLtHdg7y\"\n
        \     } ],\n      \"available_markets\" : [ ],\n      \"disc_number\" : 1,\n
        \     \"duration_ms\" : 203930,\n      \"explicit\" : false,\n      \"external_urls\"
        : {\n        \"spotify\" : \"https://open.spotify.com/track/55nZRG7TMAtFbsPzVTQ3iJ\"\n
        \     },\n      \"href\" : \"https://api.spotify.com/v1/tracks/55nZRG7TMAtFbsPzVTQ3iJ\",\n
        \     \"id\" : \"55nZRG7TMAtFbsPzVTQ3iJ\",\n      \"is_local\" : false,\n
        \     \"name\" : \"Hold On\",\n      \"preview_url\" : null,\n      \"track_number\"
        : 3,\n      \"type\" : \"track\",\n      \"uri\" : \"spotify:track:55nZRG7TMAtFbsPzVTQ3iJ\"\n
        \   }, {\n      \"artists\" : [ {\n        \"external_urls\" : {\n          \"spotify\"
        : \"https://open.spotify.com/artist/6yPYDR9yFTpcGrusQU7rRx\"\n        },\n
        \       \"href\" : \"https://api.spotify.com/v1/artists/6yPYDR9yFTpcGrusQU7rRx\",\n
        \       \"id\" : \"6yPYDR9yFTpcGrusQU7rRx\",\n        \"name\" : \"Jordan
        Schor\",\n        \"type\" : \"artist\",\n        \"uri\" : \"spotify:artist:6yPYDR9yFTpcGrusQU7rRx\"\n
        \     }, {\n        \"external_urls\" : {\n          \"spotify\" : \"https://open.spotify.com/artist/7kXDaUD3imvM6el5qK6tAu\"\n
        \       },\n        \"href\" : \"https://api.spotify.com/v1/artists/7kXDaUD3imvM6el5qK6tAu\",\n
        \       \"id\" : \"7kXDaUD3imvM6el5qK6tAu\",\n        \"name\" : \"Harley
        Bird\",\n        \"type\" : \"artist\",\n        \"uri\" : \"spotify:artist:7kXDaUD3imvM6el5qK6tAu\"\n
        \     } ],\n      \"available_markets\" : [ ],\n      \"disc_number\" : 1,\n
        \     \"duration_ms\" : 216941,\n      \"explicit\" : false,\n      \"external_urls\"
        : {\n        \"spotify\" : \"https://open.spotify.com/track/16uxYaIhavk2ZcvNqfWowP\"\n
        \     },\n      \"href\" : \"https://api.spotify.com/v1/tracks/16uxYaIhavk2ZcvNqfWowP\",\n
        \     \"id\" : \"16uxYaIhavk2ZcvNqfWowP\",\n      \"is_local\" : false,\n
        \     \"name\" : \"Home\",\n      \"preview_url\" : null,\n      \"track_number\"
        : 4,\n      \"type\" : \"track\",\n      \"uri\" : \"spotify:track:16uxYaIhavk2ZcvNqfWowP\"\n
        \   }, {\n      \"artists\" : [ {\n        \"external_urls\" : {\n          \"spotify\"
        : \"https://open.spotify.com/artist/1AT64PJc0geIUwVRqYqkTu\"\n        },\n
        \       \"href\" : \"https://api.spotify.com/v1/artists/1AT64PJc0geIUwVRqYqkTu\",\n
        \       \"id\" : \"1AT64PJc0geIUwVRqYqkTu\",\n        \"name\" : \"Axol\",\n
        \       \"type\" : \"artist\",\n        \"uri\" : \"spotify:artist:1AT64PJc0geIUwVRqYqkTu\"\n
        \     }, {\n        \"external_urls\" : {\n          \"spotify\" : \"https://open.spotify.com/artist/06bun5reMRmLxFCbcB6UHW\"\n
        \       },\n        \"href\" : \"https://api.spotify.com/v1/artists/06bun5reMRmLxFCbcB6UHW\",\n
        \       \"id\" : \"06bun5reMRmLxFCbcB6UHW\",\n        \"name\" : \"The Tech
        Thieves\",\n        \"type\" : \"artist\",\n        \"uri\" : \"spotify:artist:06bun5reMRmLxFCbcB6UHW\"\n
        \     } ],\n      \"available_markets\" : [ ],\n      \"disc_number\" : 1,\n
        \     \"duration_ms\" : 251586,\n      \"explicit\" : false,\n      \"external_urls\"
        : {\n        \"spotify\" : \"https://open.spotify.com/track/5sOxqYCpkHwnFF6sOJg1o6\"\n
        \     },\n      \"href\" : \"https://api.spotify.com/v1/tracks/5sOxqYCpkHwnFF6sOJg1o6\",\n
        \     \"id\" : \"5sOxqYCpkHwnFF6sOJg1o6\",\n      \"is_local\" : false,\n
        \     \"name\" : \"Bleed\",\n      \"preview_url\" : null,\n      \"track_number\"
        : 5,\n      \"type\" : \"track\",\n      \"uri\" : \"spotify:track:5sOxqYCpkHwnFF6sOJg1o6\"\n
        \   }, {\n      \"artists\" : [ {\n        \"external_urls\" : {\n          \"spotify\"
        : \"https://open.spotify.com/artist/0okpgBQamDqOZazBeH0J3I\"\n        },\n
        \       \"href\" : \"https://api.spotify.com/v1/artists/0okpgBQamDqOZazBeH0J3I\",\n
        \       \"id\" : \"0okpgBQamDqOZazBeH0J3I\",\n        \"name\" : \"Unknown
        Brain\",\n        \"type\" : \"artist\",\n        \"uri\" : \"spotify:artist:0okpgBQamDqOZazBeH0J3I\"\n
        \     }, {\n        \"external_urls\" : {\n          \"spotify\" : \"https://open.spotify.com/artist/21XsCg8K5LT9pJzzGKSUWr\"\n
        \       },\n        \"href\" : \"https://api.spotify.com/v1/artists/21XsCg8K5LT9pJzzGKSUWr\",\n
        \       \"id\" : \"21XsCg8K5LT9pJzzGKSUWr\",\n        \"name\" : \"Spce CadeX\",\n
        \       \"type\" : \"artist\",\n        \"uri\" : \"spotify:artist:21XsCg8K5LT9pJzzGKSUWr\"\n
        \     }, {\n        \"external_urls\" : {\n          \"spotify\" : \"https://open.spotify.com/artist/0wJDbxpqtwjA2FxfU6KI0E\"\n
        \       },\n        \"href\" : \"https://api.spotify.com/v1/artists/0wJDbxpqtwjA2FxfU6KI0E\",\n
        \       \"id\" : \"0wJDbxpqtwjA2FxfU6KI0E\",\n        \"name\" : \"Max Landry\",\n
        \       \"type\" : \"artist\",\n        \"uri\" : \"spotify:artist:0wJDbxpqtwjA2FxfU6KI0E\"\n
        \     } ],\n      \"available_markets\" : [ ],\n      \"disc_number\" : 1,\n
        \     \"duration_ms\" : 163224,\n      \"explicit\" : false,\n      \"external_urls\"
        : {\n        \"spotify\" : \"https://open.spotify.com/track/2bNysgov8THEQCxIHnq1x7\"\n
        \     },\n      \"href\" : \"https://api.spotify.com/v1/tracks/2bNysgov8THEQCxIHnq1x7\",\n
        \     \"id\" : \"2bNysgov8THEQCxIHnq1x7\",\n      \"is_local\" : false,\n
        \     \"name\" : \"Holding You\",\n      \"preview_url\" : null,\n      \"track_number\"
        : 6,\n      \"type\" : \"track\",\n      \"uri\" : \"spotify:track:2bNysgov8THEQCxIHnq1x7\"\n
        \   }, {\n      \"artists\" : [ {\n        \"external_urls\" : {\n          \"spotify\"
        : \"https://open.spotify.com/artist/5MI0dQrxPC7MEWdiCUmtMP\"\n        },\n
        \       \"href\" : \"https://api.spotify.com/v1/artists/5MI0dQrxPC7MEWdiCUmtMP\",\n
        \       \"id\" : \"5MI0dQrxPC7MEWdiCUmtMP\",\n        \"name\" : \"Oneeva\",\n
        \       \"type\" : \"artist\",\n        \"uri\" : \"spotify:artist:5MI0dQrxPC7MEWdiCUmtMP\"\n
        \     } ],\n      \"available_markets\" : [ ],\n      \"disc_number\" : 1,\n
        \     \"duration_ms\" : 252000,\n      \"explicit\" : false,\n      \"external_urls\"
        : {\n        \"spotify\" : \"https://open.spotify.com/track/2k0llDQbEqSkiDpj7vyTnw\"\n
        \     },\n      \"href\" : \"https://api.spotify.com/v1/tracks/2k0llDQbEqSkiDpj7vyTnw\",\n
        \     \"id\" : \"2k0llDQbEqSkiDpj7vyTnw\",\n      \"is_local\" : false,\n
        \     \"name\" : \"Platform 9\",\n      \"preview_url\" : null,\n      \"track_number\"
        : 7,\n      \"type\" : \"track\",\n      \"uri\" : \"spotify:track:2k0llDQbEqSkiDpj7vyTnw\"\n
        \   }, {\n      \"artists\" : [ {\n        \"external_urls\" : {\n          \"spotify\"
        : \"https://open.spotify.com/artist/157L8iTHgbdrKVxdQEXluh\"\n        },\n
        \       \"href\" : \"https://api.spotify.com/v1/artists/157L8iTHgbdrKVxdQEXluh\",\n
        \       \"id\" : \"157L8iTHgbdrKVxdQEXluh\",\n        \"name\" : \"Lost Sky\",\n
        \       \"type\" : \"artist\",\n        \"uri\" : \"spotify:artist:157L8iTHgbdrKVxdQEXluh\"\n
        \     }, {\n        \"external_urls\" : {\n          \"spotify\" : \"https://open.spotify.com/artist/5Wpn7BDRJ8oq7CcF1EufWI\"\n
        \       },\n        \"href\" : \"https://api.spotify.com/v1/artists/5Wpn7BDRJ8oq7CcF1EufWI\",\n
        \       \"id\" : \"5Wpn7BDRJ8oq7CcF1EufWI\",\n        \"name\" : \"Chris Linton\",\n
        \       \"type\" : \"artist\",\n        \"uri\" : \"spotify:artist:5Wpn7BDRJ8oq7CcF1EufWI\"\n
        \     } ],\n      \"available_markets\" : [ ],\n      \"disc_number\" : 1,\n
        \     \"duration_ms\" : 194181,\n      \"explicit\" : false,\n      \"external_urls\"
        : {\n        \"spotify\" : \"https://open.spotify.com/track/649AbXFbU0UDYe2bhs9jSe\"\n
        \     },\n      \"href\" : \"https://api.spotify.com/v1/tracks/649AbXFbU0UDYe2bhs9jSe\",\n
        \     \"id\" : \"649AbXFbU0UDYe2bhs9jSe\",\n      \"is_local\" : false,\n
        \     \"name\" : \"Fearless Pt. II\",\n      \"preview_url\" : null,\n      \"track_number\"
        : 8,\n      \"type\" : \"track\",\n      \"uri\" : \"spotify:track:649AbXFbU0UDYe2bhs9jSe\"\n
        \   }, {\n      \"artists\" : [ {\n        \"external_urls\" : {\n          \"spotify\"
        : \"https://open.spotify.com/artist/6lO3fSdhsdpeOcrbqAJsRU\"\n        },\n
        \       \"href\" : \"https://api.spotify.com/v1/artists/6lO3fSdhsdpeOcrbqAJsRU\",\n
        \       \"id\" : \"6lO3fSdhsdpeOcrbqAJsRU\",\n        \"name\" : \"Aero Chord\",\n
        \       \"type\" : \"artist\",\n        \"uri\" : \"spotify:artist:6lO3fSdhsdpeOcrbqAJsRU\"\n
        \     }, {\n        \"external_urls\" : {\n          \"spotify\" : \"https://open.spotify.com/artist/4tp1pUIwgLWIIIIOo1yPYp\"\n
        \       },\n        \"href\" : \"https://api.spotify.com/v1/artists/4tp1pUIwgLWIIIIOo1yPYp\",\n
        \       \"id\" : \"4tp1pUIwgLWIIIIOo1yPYp\",\n        \"name\" : \"Anuka\",\n
        \       \"type\" : \"artist\",\n        \"uri\" : \"spotify:artist:4tp1pUIwgLWIIIIOo1yPYp\"\n
        \     }, {\n        \"external_urls\" : {\n          \"spotify\" : \"https://open.spotify.com/artist/57kgxuYPX6hANUyqNj6UZ4\"\n
        \       },\n        \"href\" : \"https://api.spotify.com/v1/artists/57kgxuYPX6hANUyqNj6UZ4\",\n
        \       \"id\" : \"57kgxuYPX6hANUyqNj6UZ4\",\n        \"name\" : \"Ddark\",\n
        \       \"type\" : \"artist\",\n        \"uri\" : \"spotify:artist:57kgxuYPX6hANUyqNj6UZ4\"\n
        \     } ],\n      \"available_markets\" : [ ],\n      \"disc_number\" : 1,\n
        \     \"duration_ms\" : 261346,\n      \"explicit\" : false,\n      \"external_urls\"
        : {\n        \"spotify\" : \"https://open.spotify.com/track/5vfIQRFlU3nEtA4i8xReqz\"\n
        \     },\n      \"href\" : \"https://api.spotify.com/v1/tracks/5vfIQRFlU3nEtA4i8xReqz\",\n
        \     \"id\" : \"5vfIQRFlU3nEtA4i8xReqz\",\n      \"is_local\" : false,\n
        \     \"name\" : \"Incomplete - Moombahton VIP\",\n      \"preview_url\" :
        null,\n      \"track_number\" : 9,\n      \"type\" : \"track\",\n      \"uri\"
        : \"spotify:track:5vfIQRFlU3nEtA4i8xReqz\"\n    }, {\n      \"artists\" :
        [ {\n        \"external_urls\" : {\n          \"spotify\" : \"https://open.spotify.com/artist/72et9F2RPU0kc5tQXtflxY\"\n
        \       },\n        \"href\" : \"https://api.spotify.com/v1/artists/72et9F2RPU0kc5tQXtflxY\",\n
        \       \"id\" : \"72et9F2RPU0kc5tQXtflxY\",\n        \"name\" : \"Beatcore\",\n
        \       \"type\" : \"artist\",\n        \"uri\" : \"spotify:artist:72et9F2RPU0kc5tQXtflxY\"\n
        \     }, {\n        \"external_urls\" : {\n          \"spotify\" : \"https://open.spotify.com/artist/6n8gDEl7sDBnK4z08bsijw\"\n
        \       },\n        \"href\" : \"https://api.spotify.com/v1/artists/6n8gDEl7sDBnK4z08bsijw\",\n
        \       \"id\" : \"6n8gDEl7sDBnK4z08bsijw\",\n        \"name\" : \"Ashley
        Apollodor\",\n        \"type\" : \"artist\",\n        \"uri\" : \"spotify:artist:6n8gDEl7sDBnK4z08bsijw\"\n
        \     } ],\n      \"available_markets\" : [ ],\n      \"disc_number\" : 1,\n
        \     \"duration_ms\" : 222857,\n      \"explicit\" : false,\n      \"external_urls\"
        : {\n        \"spotify\" : \"https://open.spotify.com/track/32dTLL3RtX1P4fji8V6F3J\"\n
        \     },\n      \"href\" : \"https://api.spotify.com/v1/tracks/32dTLL3RtX1P4fji8V6F3J\",\n
        \     \"id\" : \"32dTLL3RtX1P4fji8V6F3J\",\n      \"is_local\" : false,\n
        \     \"name\" : \"Just Stay\",\n      \"preview_url\" : null,\n      \"track_number\"
        : 10,\n      \"type\" : \"track\",\n      \"uri\" : \"spotify:track:32dTLL3RtX1P4fji8V6F3J\"\n
        \   }, {\n      \"artists\" : [ {\n        \"external_urls\" : {\n          \"spotify\"
        : \"https://open.spotify.com/artist/7c5R9FOE8ceL55E6KUE1pj\"\n        },\n
        \       \"href\" : \"https://api.spotify.com/v1/artists/7c5R9FOE8ceL55E6KUE1pj\",\n
        \       \"id\" : \"7c5R9FOE8ceL55E6KUE1pj\",\n        \"name\" : \"C\xD8DE\",\n
        \       \"type\" : \"artist\",\n        \"uri\" : \"spotify:artist:7c5R9FOE8ceL55E6KUE1pj\"\n
        \     }, {\n        \"external_urls\" : {\n          \"spotify\" : \"https://open.spotify.com/artist/7ahEpNiwqIG5GJ3NkfHt1L\"\n
        \       },\n        \"href\" : \"https://api.spotify.com/v1/artists/7ahEpNiwqIG5GJ3NkfHt1L\",\n
        \       \"id\" : \"7ahEpNiwqIG5GJ3NkfHt1L\",\n        \"name\" : \"Joseph
        Feinstein\",\n        \"type\" : \"artist\",\n        \"uri\" : \"spotify:artist:7ahEpNiwqIG5GJ3NkfHt1L\"\n
        \     } ],\n      \"available_markets\" : [ ],\n      \"disc_number\" : 1,\n
        \     \"duration_ms\" : 204080,\n      \"explicit\" : false,\n      \"external_urls\"
        : {\n        \"spotify\" : \"https://open.spotify.com/track/6QCUiFTY59gMLP0lnzh4p5\"\n
        \     },\n      \"href\" : \"https://api.spotify.com/v1/tracks/6QCUiFTY59gMLP0lnzh4p5\",\n
        \     \"id\" : \"6QCUiFTY59gMLP0lnzh4p5\",\n      \"is_local\" : false,\n
        \     \"name\" : \"We're Invincible\",\n      \"preview_url\" : null,\n      \"track_number\"
        : 11,\n      \"type\" : \"track\",\n      \"uri\" : \"spotify:track:6QCUiFTY59gMLP0lnzh4p5\"\n
        \   }, {\n      \"artists\" : [ {\n        \"external_urls\" : {\n          \"spotify\"
        : \"https://open.spotify.com/artist/2X0ndI9nIkbMvJE9YlLQr4\"\n        },\n
        \       \"href\" : \"https://api.spotify.com/v1/artists/2X0ndI9nIkbMvJE9YlLQr4\",\n
        \       \"id\" : \"2X0ndI9nIkbMvJE9YlLQr4\",\n        \"name\" : \"Lennart
        Schroot\",\n        \"type\" : \"artist\",\n        \"uri\" : \"spotify:artist:2X0ndI9nIkbMvJE9YlLQr4\"\n
        \     }, {\n        \"external_urls\" : {\n          \"spotify\" : \"https://open.spotify.com/artist/0okpgBQamDqOZazBeH0J3I\"\n
        \       },\n        \"href\" : \"https://api.spotify.com/v1/artists/0okpgBQamDqOZazBeH0J3I\",\n
        \       \"id\" : \"0okpgBQamDqOZazBeH0J3I\",\n        \"name\" : \"Unknown
        Brain\",\n        \"type\" : \"artist\",\n        \"uri\" : \"spotify:artist:0okpgBQamDqOZazBeH0J3I\"\n
        \     }, {\n        \"external_urls\" : {\n          \"spotify\" : \"https://open.spotify.com/artist/4E2VAmF3PSqniSS03cDoAw\"\n
        \       },\n        \"href\" : \"https://api.spotify.com/v1/artists/4E2VAmF3PSqniSS03cDoAw\",\n
        \       \"id\" : \"4E2VAmF3PSqniSS03cDoAw\",\n        \"name\" : \"SRU\",\n
        \       \"type\" : \"artist\",\n        \"uri\" : \"spotify:artist:4E2VAmF3PSqniSS03cDoAw\"\n
        \     } ],\n      \"available_markets\" : [ ],\n      \"disc_number\" : 1,\n
        \     \"duration_ms\" : 179624,\n      \"explicit\" : false,\n      \"external_urls\"
        : {\n        \"spotify\" : \"https://open.spotify.com/track/0QQe5wEaAFtXbLnHhuW87H\"\n
        \     },\n      \"href\" : \"https://api.spotify.com/v1/tracks/0QQe5wEaAFtXbLnHhuW87H\",\n
        \     \"id\" : \"0QQe5wEaAFtXbLnHhuW87H\",\n      \"is_local\" : false,\n
        \     \"name\" : \"Kuyenda\",\n      \"preview_url\" : null,\n      \"track_number\"
        : 12,\n      \"type\" : \"track\",\n      \"uri\" : \"spotify:track:0QQe5wEaAFtXbLnHhuW87H\"\n
        \   }, {\n      \"artists\" : [ {\n        \"external_urls\" : {\n          \"spotify\"
        : \"https://open.spotify.com/artist/7daAovtbFBvpYCDg18wSU1\"\n        },\n
        \       \"href\" : \"https://api.spotify.com/v1/artists/7daAovtbFBvpYCDg18wSU1\",\n
        \       \"id\" : \"7daAovtbFBvpYCDg18wSU1\",\n        \"name\" : \"Paul Flint\",\n
        \       \"type\" : \"artist\",\n        \"uri\" : \"spotify:artist:7daAovtbFBvpYCDg18wSU1\"\n
        \     }, {\n        \"external_urls\" : {\n          \"spotify\" : \"https://open.spotify.com/artist/5Wpn7BDRJ8oq7CcF1EufWI\"\n
        \       },\n        \"href\" : \"https://api.spotify.com/v1/artists/5Wpn7BDRJ8oq7CcF1EufWI\",\n
        \       \"id\" : \"5Wpn7BDRJ8oq7CcF1EufWI\",\n        \"name\" : \"Chris Linton\",\n
        \       \"type\" : \"artist\",\n        \"uri\" : \"spotify:artist:5Wpn7BDRJ8oq7CcF1EufWI\"\n
        \     } ],\n      \"available_markets\" : [ ],\n      \"disc_number\" : 1,\n
        \     \"duration_ms\" : 235500,\n      \"explicit\" : false,\n      \"external_urls\"
        : {\n        \"spotify\" : \"https://open.spotify.com/track/6LSe3s5lwWJzjwQohLVtBC\"\n
        \     },\n      \"href\" : \"https://api.spotify.com/v1/tracks/6LSe3s5lwWJzjwQohLVtBC\",\n
        \     \"id\" : \"6LSe3s5lwWJzjwQohLVtBC\",\n      \"is_local\" : false,\n
        \     \"name\" : \"Watch The World Burn\",\n      \"preview_url\" : null,\n
        \     \"track_number\" : 13,\n      \"type\" : \"track\",\n      \"uri\" :
        \"spotify:track:6LSe3s5lwWJzjwQohLVtBC\"\n    }, {\n      \"artists\" : [
        {\n        \"external_urls\" : {\n          \"spotify\" : \"https://open.spotify.com/artist/1E7kD5wnDgBGtEFvUL5UWv\"\n
        \       },\n        \"href\" : \"https://api.spotify.com/v1/artists/1E7kD5wnDgBGtEFvUL5UWv\",\n
        \       \"id\" : \"1E7kD5wnDgBGtEFvUL5UWv\",\n        \"name\" : \"ElementD\",\n
        \       \"type\" : \"artist\",\n        \"uri\" : \"spotify:artist:1E7kD5wnDgBGtEFvUL5UWv\"\n
        \     }, {\n        \"external_urls\" : {\n          \"spotify\" : \"https://open.spotify.com/artist/7G04yMORrkn5bgsRs9Lv4x\"\n
        \       },\n        \"href\" : \"https://api.spotify.com/v1/artists/7G04yMORrkn5bgsRs9Lv4x\",\n
        \       \"id\" : \"7G04yMORrkn5bgsRs9Lv4x\",\n        \"name\" : \"Chordinatez\",\n
        \       \"type\" : \"artist\",\n        \"uri\" : \"spotify:artist:7G04yMORrkn5bgsRs9Lv4x\"\n
        \     }, {\n        \"external_urls\" : {\n          \"spotify\" : \"https://open.spotify.com/artist/0qhovkXzkzBWNDH3amp5W0\"\n
        \       },\n        \"href\" : \"https://api.spotify.com/v1/artists/0qhovkXzkzBWNDH3amp5W0\",\n
        \       \"id\" : \"0qhovkXzkzBWNDH3amp5W0\",\n        \"name\" : \"Mees van
        den Berg\",\n        \"type\" : \"artist\",\n        \"uri\" : \"spotify:artist:0qhovkXzkzBWNDH3amp5W0\"\n
        \     } ],\n      \"available_markets\" : [ ],\n      \"disc_number\" : 1,\n
        \     \"duration_ms\" : 211708,\n      \"explicit\" : false,\n      \"external_urls\"
        : {\n        \"spotify\" : \"https://open.spotify.com/track/1cSmpGj0IFGDsfPhwdJkUG\"\n
        \     },\n      \"href\" : \"https://api.spotify.com/v1/tracks/1cSmpGj0IFGDsfPhwdJkUG\",\n
        \     \"id\" : \"1cSmpGj0IFGDsfPhwdJkUG\",\n      \"is_local\" : false,\n
        \     \"name\" : \"Radiate\",\n      \"preview_url\" : null,\n      \"track_number\"
        : 14,\n      \"type\" : \"track\",\n      \"uri\" : \"spotify:track:1cSmpGj0IFGDsfPhwdJkUG\"\n
        \   }, {\n      \"artists\" : [ {\n        \"external_urls\" : {\n          \"spotify\"
        : \"https://open.spotify.com/artist/4SdjRO432fApGQp8iHbgIF\"\n        },\n
        \       \"href\" : \"https://api.spotify.com/v1/artists/4SdjRO432fApGQp8iHbgIF\",\n
        \       \"id\" : \"4SdjRO432fApGQp8iHbgIF\",\n        \"name\" : \"Debris\",\n
        \       \"type\" : \"artist\",\n        \"uri\" : \"spotify:artist:4SdjRO432fApGQp8iHbgIF\"\n
        \     }, {\n        \"external_urls\" : {\n          \"spotify\" : \"https://open.spotify.com/artist/3OuKwjd3qKLWANtBWDWrur\"\n
        \       },\n        \"href\" : \"https://api.spotify.com/v1/artists/3OuKwjd3qKLWANtBWDWrur\",\n
        \       \"id\" : \"3OuKwjd3qKLWANtBWDWrur\",\n        \"name\" : \"Dazers\",\n
        \       \"type\" : \"artist\",\n        \"uri\" : \"spotify:artist:3OuKwjd3qKLWANtBWDWrur\"\n
        \     } ],\n      \"available_markets\" : [ ],\n      \"disc_number\" : 1,\n
        \     \"duration_ms\" : 176269,\n      \"explicit\" : false,\n      \"external_urls\"
        : {\n        \"spotify\" : \"https://open.spotify.com/track/4dzc4wPhUltlFVHJlD9JJ1\"\n
        \     },\n      \"href\" : \"https://api.spotify.com/v1/tracks/4dzc4wPhUltlFVHJlD9JJ1\",\n
        \     \"id\" : \"4dzc4wPhUltlFVHJlD9JJ1\",\n      \"is_local\" : false,\n
        \     \"name\" : \"Double D\",\n      \"preview_url\" : null,\n      \"track_number\"
        : 15,\n      \"type\" : \"track\",\n      \"uri\" : \"spotify:track:4dzc4wPhUltlFVHJlD9JJ1\"\n
        \   }, {\n      \"artists\" : [ {\n        \"external_urls\" : {\n          \"spotify\"
        : \"https://open.spotify.com/artist/6heMlLFM6RDDHRz99uKMqS\"\n        },\n
        \       \"href\" : \"https://api.spotify.com/v1/artists/6heMlLFM6RDDHRz99uKMqS\",\n
        \       \"id\" : \"6heMlLFM6RDDHRz99uKMqS\",\n        \"name\" : \"RetroVision\",\n
        \       \"type\" : \"artist\",\n        \"uri\" : \"spotify:artist:6heMlLFM6RDDHRz99uKMqS\"\n
        \     } ],\n      \"available_markets\" : [ ],\n      \"disc_number\" : 1,\n
        \     \"duration_ms\" : 173437,\n      \"explicit\" : false,\n      \"external_urls\"
        : {\n        \"spotify\" : \"https://open.spotify.com/track/4PDJE4qhWYWbwy5smF1ur5\"\n
        \     },\n      \"href\" : \"https://api.spotify.com/v1/tracks/4PDJE4qhWYWbwy5smF1ur5\",\n
        \     \"id\" : \"4PDJE4qhWYWbwy5smF1ur5\",\n      \"is_local\" : false,\n
        \     \"name\" : \"Puzzle - VIP\",\n      \"preview_url\" : null,\n      \"track_number\"
        : 16,\n      \"type\" : \"track\",\n      \"uri\" : \"spotify:track:4PDJE4qhWYWbwy5smF1ur5\"\n
        \   } ],\n    \"limit\" : 50,\n    \"next\" : null,\n    \"offset\" : 0,\n
        \   \"previous\" : null,\n    \"total\" : 16\n  },\n  \"type\" : \"album\",\n
        \ \"uri\" : \"spotify:album:4MQnUDGXmHOvnsWCpzeqWT\"\n}"
    headers:
      Alt-Svc:
      - h3=":443"; ma=2592000,h3-29=":443"; ma=2592000
      Transfer-Encoding:
      - chunked
      Via:
      - HTTP/2 edgeproxy, 1.1 google
      access-control-allow-credentials:
      - 'true'
      access-control-allow-headers:
      - Accept, App-Platform, Authorization, Content-Type, Origin, Retry-After, Spotify-App-Version,
        X-Cloud-Trace-Context, client-token, content-access-token
      access-control-allow-methods:
      - GET, POST, OPTIONS, PUT, DELETE, PATCH
      access-control-allow-origin:
      - '*'
      access-control-max-age:
      - '604800'
      cache-control:
      - public, max-age=7200
      content-encoding:
      - gzip
      content-type:
      - application/json; charset=utf-8
      date:
      - Mon, 08 Apr 2024 15:31:00 GMT
      server:
      - envoy
      strict-transport-security:
      - max-age=31536000
      x-content-type-options:
      - nosniff
      x-robots-tag:
      - noindex, nofollow
    status:
      code: 200
      message: OK
version: 1
